=== Beginning Date Logic Simulation ===

≡ƒòÆ MOCKED CURRENT TIME: 2026-03-09T16:00:00.000Z -> IST: 9/3/2026, 9:30:00 pm
Is after cutoff? false
Effective Pause Date (Expects Tuesday 2026-03-10): Mon Mar 09 2026 00:00:00 GMT+0530 (India Standard Time)

≡ƒòÆ MOCKED CURRENT TIME: 2026-03-09T17:00:00.000Z -> IST: 9/3/2026, 10:30:00 pm
Is after cutoff? false
Effective Pause Date (Expects Wednesday 2026-03-11): Mon Mar 09 2026 00:00:00 GMT+0530 (India Standard Time)

≡ƒòÆ MOCKED CURRENT TIME: 2026-03-14T16:00:00.000Z -> IST: 14/3/2026, 9:30:00 pm
Is after cutoff? false
Effective Pause Date (Expects Monday 2026-03-16): Mon Mar 09 2026 00:00:00 GMT+0530 (India Standard Time)

≡ƒòÆ MOCKED CURRENT TIME: 2026-03-13T17:00:00.000Z -> IST: 13/3/2026, 10:30:00 pm
Is after cutoff? false
Effective Pause Date (Expects Monday 2026-03-16): Mon Mar 09 2026 00:00:00 GMT+0530 (India Standard Time)

=== Date Logic Simulation Complete ===
